// Jest Snapshot v1, https://goo.gl/fbAQLP

exports[`TopPageRow Should match snapshot 1`] = `
ShallowWrapper {
  "length": 1,
  Symbol(enzyme.__root__): [Circular],
  Symbol(enzyme.__unrendered__): <TopPageRow
    email="test@test.test"
    name="test"
    number={1}
    score={10}
  />,
  Symbol(enzyme.__renderer__): Object {
    "batchedUpdates": [Function],
    "getNode": [Function],
    "render": [Function],
    "simulateEvent": [Function],
    "unmount": [Function],
  },
  Symbol(enzyme.__node__): Object {
    "instance": null,
    "key": undefined,
    "nodeType": "host",
    "props": Object {
      "children": Array [
        <td
          className="top__td"
        >
          1
        </td>,
        <td
          className="top__td"
        >
          test@test.test
        </td>,
        <td
          className="top__td"
        >
          test
        </td>,
        <td
          className="top__td"
        >
          10
        </td>,
      ],
    },
    "ref": null,
    "rendered": Array [
      Object {
        "instance": null,
        "key": undefined,
        "nodeType": "host",
        "props": Object {
          "children": 1,
          "className": "top__td",
        },
        "ref": null,
        "rendered": 1,
        "type": "td",
      },
      Object {
        "instance": null,
        "key": undefined,
        "nodeType": "host",
        "props": Object {
          "children": "test@test.test",
          "className": "top__td",
        },
        "ref": null,
        "rendered": "test@test.test",
        "type": "td",
      },
      Object {
        "instance": null,
        "key": undefined,
        "nodeType": "host",
        "props": Object {
          "children": "test",
          "className": "top__td",
        },
        "ref": null,
        "rendered": "test",
        "type": "td",
      },
      Object {
        "instance": null,
        "key": undefined,
        "nodeType": "host",
        "props": Object {
          "children": 10,
          "className": "top__td",
        },
        "ref": null,
        "rendered": 10,
        "type": "td",
      },
    ],
    "type": "tr",
  },
  Symbol(enzyme.__nodes__): Array [
    Object {
      "instance": null,
      "key": undefined,
      "nodeType": "host",
      "props": Object {
        "children": Array [
          <td
            className="top__td"
          >
            1
          </td>,
          <td
            className="top__td"
          >
            test@test.test
          </td>,
          <td
            className="top__td"
          >
            test
          </td>,
          <td
            className="top__td"
          >
            10
          </td>,
        ],
      },
      "ref": null,
      "rendered": Array [
        Object {
          "instance": null,
          "key": undefined,
          "nodeType": "host",
          "props": Object {
            "children": 1,
            "className": "top__td",
          },
          "ref": null,
          "rendered": 1,
          "type": "td",
        },
        Object {
          "instance": null,
          "key": undefined,
          "nodeType": "host",
          "props": Object {
            "children": "test@test.test",
            "className": "top__td",
          },
          "ref": null,
          "rendered": "test@test.test",
          "type": "td",
        },
        Object {
          "instance": null,
          "key": undefined,
          "nodeType": "host",
          "props": Object {
            "children": "test",
            "className": "top__td",
          },
          "ref": null,
          "rendered": "test",
          "type": "td",
        },
        Object {
          "instance": null,
          "key": undefined,
          "nodeType": "host",
          "props": Object {
            "children": 10,
            "className": "top__td",
          },
          "ref": null,
          "rendered": 10,
          "type": "td",
        },
      ],
      "type": "tr",
    },
  ],
  Symbol(enzyme.__options__): Object {
    "adapter": ReactSixteenAdapter {
      "options": Object {
        "enableComponentDidUpdateOnSetState": true,
      },
    },
  },
}
`;
